C51 COMPILER V9.54   DEJA_VU                                                               11/25/2018 17:51:05 PAGE 1   


C51 COMPILER V9.54, COMPILATION OF MODULE DEJA_VU
OBJECT MODULE PLACED IN Deja_vu.obj
COMPILER INVOKED BY: C:\Keil_v4\C51\BIN\C51.EXE Deja_vu\Deja_vu.c OPTIMIZE(0,SPEED) BROWSE INCDIR(.\ADC;.\Deja_vu;.\Glob
                    -al;.\interrupt;.\Main;.\Motor;.\PWM;.\Timer;.\USART;..\DC_motors;.\Task;.\Buzzer;.\LED) DEFINE(DEBUG) DEBUG OBJECTEXTEND
                    - PRINT(.\Deja_vu.lst) TABS(2) OBJECT(Deja_vu.obj)

line level    source

   1          /******************** (C) COPYRIGHT 2018 陈苏阳 **********************************
   2          * File Name          :  Deja_vu.c
   3          * Author             :  陈苏阳
   4          * CPU Type           :  STC15
   5          * IDE                :  IAR 8.22.1
   6          * Version            :  V1.0
   7          * Date               :  24/11/2018
   8          * Description        :  寻迹
   9          *******************************************************************************/
  10          
  11          
  12          /* Define to prevent recursive inclusion -------------------------------------*/
  13          #ifndef __DEJA_VU_C
  14          #define  __DEJA_VU_C
  15          
  16          /* Includes ------------------------------------------------------------------*/
  17          #include <DEJA_VU.H>
  18          #include "GLOBAL.H"
  19          #include "MOTOR.H"
  20          #include "PWM.H"
  21          #include "LED.h"
  22          /* Private define ------------------------------------------------------------*/
  23          volatile unsigned char half_speed_flag=0;                // 半速标志位
  24          volatile unsigned char Tracing_All_White_Stop_Flag = 0;  // 全白停车标志位
  25          /* Private typedef -----------------------------------------------------------*/
  26          
  27          
  28          /* Private variables ---------------------------------------------------------*/
  29          volatile unsigned char Tracing_status = TRACING_STATUS_STATUS_IDLE;           // 当前寻迹机制状态
  30          
  31          /* Private function prototypes -----------------------------------------------*/
  32          
  33          /*******************************************************************************
  34          *                           陈苏阳@2018-11-24
  35          * Function Name  :  Tracing_Start
  36          * Description    :  开始寻迹机制
  37          * Input          :  None
  38          * Output         :  None
  39          * Return         :  None
  40          *******************************************************************************/
  41          void Tracing_Start(void)
  42          {
  43   1          // 设置寻迹机制的状态为正在运行
  44   1          Tracing_status = TRACING_STATUS_STATUS_RUNING;
  45   1      
  46   1          // 两个轮子都先给个速度
  47   1          MotorL_setting_auto_dir(10);
  48   1          MotorR_setting_auto_dir(10);
  49   1      
  50   1      }// End of void Tracing_Start(void)
  51          
  52          /*******************************************************************************
  53          *                           陈苏阳@2018-11-25
C51 COMPILER V9.54   DEJA_VU                                                               11/25/2018 17:51:05 PAGE 2   

  54          * Function Name  :  Tracing_Set_Speed_Half
  55          * Description    :  设置寻迹的速度为半速
  56          * Input          :  None
  57          * Output         :  None
  58          * Return         :  None
  59          *******************************************************************************/
  60          void Tracing_Set_Speed_Half(void)
  61          {
  62   1          half_speed_flag = 1;
  63   1      }// End of void Tracing_Set_Speed_Half(void)
  64          
  65          
  66          /*******************************************************************************
  67          *                           陈苏阳@2018-11-25
  68          * Function Name  :  Tracing_Enable_All_White_Stop
  69          * Description    :  使能全白停车功能
  70          * Input          :  None
  71          * Output         :  None
  72          * Return         :  None
  73          *******************************************************************************/
  74          void Tracing_Enable_All_White_Stop(void)
  75          {
  76   1          Tracing_All_White_Stop_Flag = 1;
  77   1      }// End of void Tracing_Enable_All_White_Stop(void)
  78          
  79          /*******************************************************************************
  80          *                           陈苏阳@2018-11-25
  81          * Function Name  :  Tracing_Disnable_All_White_Stop
  82          * Description    :  失能全白停车功能
  83          * Input          :  None
  84          * Output         :  None
  85          * Return         :  None
  86          *******************************************************************************/
  87          void Tracing_Disnable_All_White_Stop(void)
  88          {
  89   1          Tracing_All_White_Stop_Flag = 0;
  90   1      }// End of void Tracing_Disnable_All_White_Stop(void)
  91          
  92           /*******************************************************************************
  93           *                           陈苏阳@2018-11-25
  94           * Function Name  :  Tracing_Set_Speed_All
  95           * Description    :  设置寻迹的速度为全速
  96           * Input          :  None
  97           * Output         :  None
  98           * Return         :  None
  99           *******************************************************************************/
 100          void Tracing_Set_Speed_All(void)
 101          {
 102   1          half_speed_flag = 0;
 103   1      }// End of void Tracing_Set_Speed_All(void)
 104          
 105           /*******************************************************************************
 106           *                           陈苏阳@2018-11-24
 107           * Function Name  :  Tracing_Stop
 108           * Description    :  停止寻迹机制
 109           * Input          :  None
 110           * Output         :  None
 111           * Return         :  None
 112           *******************************************************************************/
 113          void Tracing_Stop(void)
 114          {
 115   1          // 设置寻迹机制的状态为处于空闲状态
C51 COMPILER V9.54   DEJA_VU                                                               11/25/2018 17:51:05 PAGE 3   

 116   1          Tracing_status = TRACING_STATUS_STATUS_IDLE;
 117   1      
 118   1          // 停止电机
 119   1          Motors_stop();
 120   1      
 121   1          //PWM设定生效
 122   1          pwms_enable();         
 123   1      }// End of void Tracing_Stop(void)
 124          
 125          
 126          /*******************************************************************************
 127          *                           陈苏阳@2018-11-24
 128          * Function Name  :  Tracing_Get_Black_Spot_Number
 129          * Description    :  获取8路寻迹传感器压中黑点的个数
 130          * Input          :  None
 131          * Output         :  None
 132          * Return         :  None
 133          *******************************************************************************/
 134          unsigned char Tracing_Get_Black_Spot_Number(void)
 135          {
 136   1          unsigned char number_cnt=0;           // 黑点计数
 137   1          unsigned char i = 0;
 138   1          for (i = 0; i < 8; i++)
 139   1          {
 140   2              // 如果当前点为黑点
 141   2              if (situation&(0x01 << i))
 142   2              {
 143   3                  // 黑点个数++
 144   3                  number_cnt++;
 145   3              }
 146   2          }
 147   1          return number_cnt;
 148   1      }// End of unsigned char Tracing_Get_Black_Spot_Number(void)
 149          
 150          
 151          
 152          /*******************************************************************************
 153          *                           陈苏阳@2018-11-24
 154          * Function Name  :  Tracing_Timer_Handle
 155          * Description    :  寻迹定时器处理函数
 156          * Input          :  None
 157          * Output         :  None
 158          * Return         :  None
 159          *******************************************************************************/
 160          void Tracing_Timer_Handle(void)
 161          {
 162   1          // 如果当前寻迹机制处于运行状态
 163   1          if (Tracing_status == TRACING_STATUS_STATUS_RUNING)
 164   1          {
 165   2              G_LED_ON();
 166   2              switch (situation)
 167   2              {
 168   3                
 169   3                  //起动
 170   3              case 255:         //1111 1111
 171   3              {
 172   4                  // 如果是半速
 173   4                  if (half_speed_flag)
 174   4                  {
 175   5                      MotorL_setting_auto_dir(50/2);
 176   5                      MotorR_setting_auto_dir(50/2);
 177   5                  }
C51 COMPILER V9.54   DEJA_VU                                                               11/25/2018 17:51:05 PAGE 4   

 178   4                  else
 179   4                  {
 180   5                      MotorL_setting_auto_dir(50);
 181   5                      MotorR_setting_auto_dir(50);
 182   5                  }
 183   4                  break;
 184   4              }
 185   3      
 186   3              //停止
 187   3      
 188   3              case 0:
 189   3              {
 190   4                  // 如果全白停车标志位被置位,则PWM给0
 191   4                  if (Tracing_All_White_Stop_Flag)
 192   4                  {
 193   5                      MotorL_setting_auto_dir(0);
 194   5                      MotorR_setting_auto_dir(0);
 195   5                    
 196   5                  }
 197   4                  else
 198   4                  {
 199   5                      // 如果是半速
 200   5                      if (half_speed_flag)
 201   5                      {
 202   6                          MotorL_setting_auto_dir(50 / 2);
 203   6                          MotorR_setting_auto_dir(50 / 2);
 204   6                      }
 205   5                      else
 206   5                      {
 207   6                          MotorL_setting_auto_dir(50);
 208   6                          MotorR_setting_auto_dir(50);
 209   6                      }
 210   5                  }
 211   4                  
 212   4                  break;
 213   4              }
 214   3      
 215   3              //直行中调整
 216   3              //4灯情况
 217   3              case 60:          //0011 1100
 218   3              {
 219   4                  // 如果是半速
 220   4                  if (half_speed_flag)
 221   4                  {
 222   5                      MotorL_setting_auto_dir(100/2);
 223   5                      MotorR_setting_auto_dir(100/2);
 224   5                  }
 225   4                  else
 226   4                  {
 227   5                      MotorL_setting_auto_dir(100);
 228   5                      MotorR_setting_auto_dir(100);
 229   5                  }
 230   4                  break;
 231   4              }
 232   3              case 30:            //0001 1110
 233   3              {
 234   4                  // 如果是半速
 235   4                  if (half_speed_flag)
 236   4                  {
 237   5                      MotorL_setting_auto_dir(100/2);
 238   5                      MotorR_setting_auto_dir(50/2);
 239   5                  }
C51 COMPILER V9.54   DEJA_VU                                                               11/25/2018 17:51:05 PAGE 5   

 240   4                  else
 241   4                  {
 242   5                      MotorL_setting_auto_dir(100);
 243   5                      MotorR_setting_auto_dir(50);
 244   5                  }
 245   4                  break;
 246   4              }
 247   3              case 120:         //0111 1000
 248   3              {
 249   4                  // 如果是半速
 250   4                  if (half_speed_flag)
 251   4                  {
 252   5                      MotorL_setting_auto_dir(50/2);
 253   5                      MotorR_setting_auto_dir(100/2);
 254   5                  }
 255   4                  else
 256   4                  {
 257   5                      MotorL_setting_auto_dir(50);
 258   5                      MotorR_setting_auto_dir(100);
 259   5                  }
 260   4              }
 261   3      
 262   3              //3灯情况 
 263   3              case 28:                  //0001 1100
 264   3              {
 265   4                  // 如果是半速
 266   4                  if (half_speed_flag)
 267   4                  {
 268   5                      MotorL_setting_auto_dir(100 / 2);
 269   5                      MotorR_setting_auto_dir(80 / 2);
 270   5                  }
 271   4                  else
 272   4                  {
 273   5                      MotorL_setting_auto_dir(100);
 274   5                      MotorR_setting_auto_dir(80);
 275   5                  }
 276   4                  break;
 277   4              }
 278   3              case 56:                //0011 1000
 279   3              {
 280   4                  // 如果是半速
 281   4                  if (half_speed_flag)
 282   4                  {
 283   5                      MotorL_setting_auto_dir(80 / 2);
 284   5                      MotorR_setting_auto_dir(100 / 2);
 285   5                  }
 286   4                  else
 287   4                  {
 288   5                      MotorL_setting_auto_dir(80);
 289   5                      MotorR_setting_auto_dir(100);
 290   5                  }
 291   4                  break;
 292   4              }
 293   3              case 14:              //0000 1110
 294   3              {
 295   4                  // 如果是半速
 296   4                  if (half_speed_flag)
 297   4                  {
 298   5                      MotorL_setting_auto_dir(100/2);
 299   5                      MotorR_setting_auto_dir(40/2);
 300   5                  }
 301   4                  else
C51 COMPILER V9.54   DEJA_VU                                                               11/25/2018 17:51:05 PAGE 6   

 302   4                  {
 303   5                      MotorL_setting_auto_dir(100);
 304   5                      MotorR_setting_auto_dir(40);
 305   5                  }
 306   4                  break;
 307   4              }
 308   3              case 112:             //0111 0000
 309   3              {
 310   4                  // 如果是半速
 311   4                  if (half_speed_flag)
 312   4                  {
 313   5                      MotorL_setting_auto_dir(40/2);
 314   5                      MotorR_setting_auto_dir(100/2);
 315   5                  }
 316   4                  else
 317   4                  {
 318   5                      MotorL_setting_auto_dir(40);
 319   5                      MotorR_setting_auto_dir(100);
 320   5                  }
 321   4                  break;
 322   4              }
 323   3      
 324   3              //2灯情况
 325   3              case 18:                //0001 1000
 326   3              {
 327   4                  // 如果是半速
 328   4                  if (half_speed_flag)
 329   4                  {
 330   5                      MotorL_setting_auto_dir(100/2);
 331   5                      MotorR_setting_auto_dir(100/2);
 332   5                  }
 333   4                  else
 334   4                  {
 335   5                      MotorL_setting_auto_dir(100);
 336   5                      MotorR_setting_auto_dir(100);
 337   5                  }
 338   4                  break;
 339   4              }
 340   3              case 24:                             //0000 1100
 341   3              {
 342   4                  // 如果是半速
 343   4                  if (half_speed_flag)
 344   4                  {
 345   5                      MotorL_setting_auto_dir(100/2);
 346   5                      MotorR_setting_auto_dir(60/2);
 347   5                  }
 348   4                  else
 349   4                  {
 350   5                      MotorL_setting_auto_dir(100);
 351   5                      MotorR_setting_auto_dir(60);
 352   5                  }
 353   4                  break;
 354   4              }
 355   3              case 48:                //0011 0000
 356   3              {
 357   4                  // 如果是半速
 358   4                  if (half_speed_flag)
 359   4                  {
 360   5                      MotorL_setting_auto_dir(60/2);
 361   5                      MotorR_setting_auto_dir(100/2);
 362   5                  }
 363   4                  else
C51 COMPILER V9.54   DEJA_VU                                                               11/25/2018 17:51:05 PAGE 7   

 364   4                  {
 365   5                      MotorL_setting_auto_dir(60);
 366   5                      MotorR_setting_auto_dir(100);
 367   5                  }
 368   4                  break;
 369   4              }
 370   3              //1灯情况    
 371   3              case 8:                   //0000 1000
 372   3              {
 373   4                  // 如果是半速
 374   4                  if (half_speed_flag)
 375   4                  {
 376   5                      MotorL_setting_auto_dir(100/2);
 377   5                      MotorR_setting_auto_dir(80/2);
 378   5                  }
 379   4                  else
 380   4                  {
 381   5                      MotorL_setting_auto_dir(100);
 382   5                      MotorR_setting_auto_dir(80);
 383   5                  }
 384   4                  break;
 385   4              }
 386   3              case 10:                    //0001 0000
 387   3              {
 388   4                  // 如果是半速
 389   4                  if (half_speed_flag)
 390   4                  {
 391   5                      MotorL_setting_auto_dir(80/2);
 392   5                      MotorR_setting_auto_dir(100/2);
 393   5                  }
 394   4                  else
 395   4                  {
 396   5                      MotorL_setting_auto_dir(80);
 397   5                      MotorR_setting_auto_dir(100);
 398   5                  }
 399   4                  break;
 400   4              }
 401   3      
 402   3              case 4:                   //0000 0100
 403   3              {
 404   4                  // 如果是半速
 405   4                  if (half_speed_flag)
 406   4                  {
 407   5                      MotorL_setting_auto_dir(100/2);
 408   5                      MotorR_setting_auto_dir(60/2);
 409   5                  }
 410   4                  else
 411   4                  {
 412   5                      MotorL_setting_auto_dir(100);
 413   5                      MotorR_setting_auto_dir(60);
 414   5                  }   
 415   4                  break;
 416   4              }
 417   3              case 32:                      //0010 0000
 418   3              {
 419   4                  // 如果是半速
 420   4                  if (half_speed_flag)
 421   4                  {
 422   5                      MotorL_setting_auto_dir(60/2);
 423   5                      MotorR_setting_auto_dir(100/2);
 424   5                  }
 425   4                  else
C51 COMPILER V9.54   DEJA_VU                                                               11/25/2018 17:51:05 PAGE 8   

 426   4                  {
 427   5                      MotorL_setting_auto_dir(60);
 428   5                      MotorR_setting_auto_dir(100);
 429   5                  }
 430   4                  break;
 431   4              }
 432   3              //右转向
 433   3      
 434   3              case 240:               //1111 0000
 435   3              {
 436   4                  // 如果是半速
 437   4                  if (half_speed_flag)
 438   4                  {
 439   5                      MotorL_setting_auto_dir(-50/2);
 440   5                      MotorR_setting_auto_dir(100/2);
 441   5                  }
 442   4                  else
 443   4                  {
 444   5                      MotorL_setting_auto_dir(-50);
 445   5                      MotorR_setting_auto_dir(100);
 446   5                  }
 447   4                  break;
 448   4              }
 449   3      
 450   3              case 224:               //1110 0000
 451   3              {
 452   4                  // 如果是半速
 453   4                  if (half_speed_flag)
 454   4                  {
 455   5                      MotorL_setting_auto_dir(-75 / 2);
 456   5                      MotorR_setting_auto_dir(100 / 2);
 457   5                  }
 458   4                  else
 459   4                  {
 460   5                      MotorL_setting_auto_dir(-75);
 461   5                      MotorR_setting_auto_dir(100);
 462   5                  }
 463   4                  break;
 464   4              }
 465   3      
 466   3              case 192:               //1100 0000
 467   3              {
 468   4                  // 如果是半速
 469   4                  if (half_speed_flag)
 470   4                  {
 471   5                      MotorL_setting_auto_dir(-100/2);
 472   5                      MotorR_setting_auto_dir(100/2);
 473   5                  }
 474   4                  else
 475   4                  {
 476   5                      MotorL_setting_auto_dir(-100);
 477   5                      MotorR_setting_auto_dir(100);
 478   5                  }
 479   4                  break;
 480   4              }
 481   3       
 482   3      
 483   3              case 15:                //0000 1111
 484   3              {
 485   4                  // 如果是半速
 486   4                  if (half_speed_flag)
 487   4                  {
C51 COMPILER V9.54   DEJA_VU                                                               11/25/2018 17:51:05 PAGE 9   

 488   5                      MotorL_setting_auto_dir(100 / 2);
 489   5                      MotorR_setting_auto_dir(-50 / 2);
 490   5                  }
 491   4                  else
 492   4                  {
 493   5                      MotorL_setting_auto_dir(100);
 494   5                      MotorR_setting_auto_dir(-50);
 495   5                  }
 496   4                  break;
 497   4              }
 498   3      
 499   3              case 7:               //0000 0111
 500   3              {
 501   4                  // 如果是半速
 502   4                  if (half_speed_flag)
 503   4                  {
 504   5                      MotorL_setting_auto_dir(100 / 2);
 505   5                      MotorR_setting_auto_dir(-75 / 2);
 506   5                  }
 507   4                  else
 508   4                  {
 509   5                      MotorL_setting_auto_dir(100);
 510   5                      MotorR_setting_auto_dir(-75);
 511   5                  }
 512   4                  break;
 513   4              }
 514   3      
 515   3              case 195:               //0000 0011
 516   3              {
 517   4                  // 如果是半速
 518   4                  if (half_speed_flag)
 519   4                  {
 520   5                      MotorL_setting_auto_dir(100/2);
 521   5                      MotorR_setting_auto_dir(-100/2);
 522   5                  }
 523   4                  else
 524   4                  {
 525   5                      MotorL_setting_auto_dir(100);
 526   5                      MotorR_setting_auto_dir(-100);
 527   5                  }
 528   4                  break;
 529   4              }
 530   3      
 531   3              }
 532   2              pwms_enable();         //PWM设定生效
 533   2          }
 534   1          else
 535   1          {
 536   2              G_LED_OFF();
 537   2          }
 538   1          
 539   1      }// End of void Tracing_Timer_Handle(void)
 540          
 541          #endif /* __DEJA_VU_C */
 542          
 543          


MODULE INFORMATION:   STATIC OVERLAYABLE
   CODE SIZE        =    854    ----
   CONSTANT SIZE    =   ----    ----
   XDATA SIZE       =   ----    ----
C51 COMPILER V9.54   DEJA_VU                                                               11/25/2018 17:51:05 PAGE 10  

   PDATA SIZE       =   ----    ----
   DATA SIZE        =      5    ----
   IDATA SIZE       =   ----    ----
   BIT SIZE         =   ----    ----
END OF MODULE INFORMATION.


C51 COMPILATION COMPLETE.  0 WARNING(S),  0 ERROR(S)
