C51 COMPILER V9.54   DEJA_VU                                                               11/25/2018 07:37:20 PAGE 1   


C51 COMPILER V9.54, COMPILATION OF MODULE DEJA_VU
OBJECT MODULE PLACED IN Deja_vu.obj
COMPILER INVOKED BY: C:\Keil_v4\C51\BIN\C51.EXE Deja_vu\Deja_vu.c OPTIMIZE(3,SPEED) BROWSE INCDIR(.\ADC;.\Deja_vu;.\Glob
                    -al;.\interrupt;.\Main;.\Motor;.\PWM;.\Timer;.\USART;..\DC_motors;.\Task;.\Buzzer;.\LED) DEFINE(DEBUG) DEBUG OBJECTEXTEND
                    - PRINT(.\Deja_vu.lst) TABS(2) OBJECT(Deja_vu.obj)

line level    source

   1          /******************** (C) COPYRIGHT 2018 陈苏阳 **********************************
   2          * File Name          :  Deja_vu.c
   3          * Author             :  陈苏阳
   4          * CPU Type           :  STC15
   5          * IDE                :  IAR 8.22.1
   6          * Version            :  V1.0
   7          * Date               :  24/11/2018
   8          * Description        :  寻迹
   9          *******************************************************************************/
  10          
  11          
  12          /* Define to prevent recursive inclusion -------------------------------------*/
  13          #ifndef __DEJA_VU_C
  14          #define  __DEJA_VU_C
  15          
  16          /* Includes ------------------------------------------------------------------*/
  17          #include <DEJA_VU.H>
  18          #include "GLOBAL.H"
  19          #include "MOTOR.H"
  20          #include "PWM.H"
  21          #include "LED.h"
  22          /* Private define ------------------------------------------------------------*/
  23          volatile unsigned char half_speed_flag=0;                // 半速标志位
  24          
  25          /* Private typedef -----------------------------------------------------------*/
  26          
  27          
  28          /* Private variables ---------------------------------------------------------*/
  29          volatile unsigned char Tracing_status = TRACING_STATUS_STATUS_IDLE;           // 当前寻迹机制状态
  30          
  31          /* Private function prototypes -----------------------------------------------*/
  32          
  33          /*******************************************************************************
  34          *                           陈苏阳@2018-11-24
  35          * Function Name  :  Tracing_Start
  36          * Description    :  开始寻迹机制
  37          * Input          :  None
  38          * Output         :  None
  39          * Return         :  None
  40          *******************************************************************************/
  41          void Tracing_Start(void)
  42          {
  43   1          // 设置寻迹机制的状态为正在运行
  44   1          Tracing_status = TRACING_STATUS_STATUS_RUNING;
  45   1      }// End of void Tracing_Start(void)
  46          
  47          /*******************************************************************************
  48          *                           陈苏阳@2018-11-25
  49          * Function Name  :  Tracing_Set_Speed_Half
  50          * Description    :  设置寻迹的速度为半速
  51          * Input          :  None
  52          * Output         :  None
  53          * Return         :  None
C51 COMPILER V9.54   DEJA_VU                                                               11/25/2018 07:37:20 PAGE 2   

  54          *******************************************************************************/
  55          void Tracing_Set_Speed_Half(void)
  56          {
  57   1          half_speed_flag = 1;
  58   1      }// End of void Tracing_Set_Speed_Half(void)
  59          
  60          
  61           /*******************************************************************************
  62           *                           陈苏阳@2018-11-25
  63           * Function Name  :  Tracing_Set_Speed_All
  64           * Description    :  设置寻迹的速度为全速
  65           * Input          :  None
  66           * Output         :  None
  67           * Return         :  None
  68           *******************************************************************************/
  69          void Tracing_Set_Speed_All(void)
  70          {
  71   1          half_speed_flag = 0;
  72   1      }// End of void Tracing_Set_Speed_All(void)
  73          
  74           /*******************************************************************************
  75           *                           陈苏阳@2018-11-24
  76           * Function Name  :  Tracing_Stop
  77           * Description    :  停止寻迹机制
  78           * Input          :  None
  79           * Output         :  None
  80           * Return         :  None
  81           *******************************************************************************/
  82          void Tracing_Stop(void)
  83          {
  84   1          // 设置寻迹机制的状态为处于空闲状态
  85   1          Tracing_status = TRACING_STATUS_STATUS_IDLE;
  86   1      
  87   1          // 停止电机
  88   1          Motors_stop();
  89   1      
  90   1          //PWM设定生效
  91   1          pwms_enable();         
  92   1      }// End of void Tracing_Stop(void)
  93          
  94          
  95          /*******************************************************************************
  96          *                           陈苏阳@2018-11-24
  97          * Function Name  :  Tracing_Get_Black_Spot_Number
  98          * Description    :  获取8路寻迹传感器压中黑点的个数
  99          * Input          :  None
 100          * Output         :  None
 101          * Return         :  None
 102          *******************************************************************************/
 103          unsigned char Tracing_Get_Black_Spot_Number(void)
 104          {
 105   1          unsigned char number_cnt=0;           // 黑点计数
 106   1          unsigned char i = 0;
 107   1          for (i = 0; i < 8; i++)
 108   1          {
 109   2              // 如果当前点为黑点
 110   2              if (situation&(0x01 << i))
 111   2              {
 112   3                  // 黑点个数++
 113   3                  number_cnt++;
 114   3              }
 115   2          }
C51 COMPILER V9.54   DEJA_VU                                                               11/25/2018 07:37:20 PAGE 3   

 116   1          return number_cnt;
 117   1      }// End of unsigned char Tracing_Get_Black_Spot_Number(void)
 118          
 119          
 120          
 121          /*******************************************************************************
 122          *                           陈苏阳@2018-11-24
 123          * Function Name  :  Tracing_Timer_Handle
 124          * Description    :  寻迹定时器处理函数
 125          * Input          :  None
 126          * Output         :  None
 127          * Return         :  None
 128          *******************************************************************************/
 129          void Tracing_Timer_Handle(void)
 130          {
 131   1          // 如果当前寻迹机制处于运行状态
 132   1          if (Tracing_status == TRACING_STATUS_STATUS_RUNING)
 133   1          {
 134   2              G_LED_ON();
 135   2              switch (situation)
 136   2              {
 137   3                
 138   3                  //起动
 139   3              case 255:         //1111 1111
 140   3              {
 141   4                  // 如果是半速
 142   4                  if (half_speed_flag)
 143   4                  {
 144   5                      MotorL_setting_auto_dir(100/2);
 145   5                      MotorR_setting_auto_dir(100/2);
 146   5                  }
 147   4                  else
 148   4                  {
 149   5                      MotorL_setting_auto_dir(100);
 150   5                      MotorR_setting_auto_dir(100);
 151   5                  }
 152   4                  break;
 153   4              }
 154   3      
 155   3              //停止
 156   3      
 157   3              case 0:
 158   3              {
 159   4                  Motors_stop();
 160   4                  break;
 161   4              }
 162   3      
 163   3              //直行中调整
 164   3              //4灯情况
 165   3              case 60:          //0011 1100
 166   3              {
 167   4                  // 如果是半速
 168   4                  if (half_speed_flag)
 169   4                  {
 170   5                      MotorL_setting_auto_dir(100/2);
 171   5                      MotorR_setting_auto_dir(100/2);
 172   5                  }
 173   4                  else
 174   4                  {
 175   5                      MotorL_setting_auto_dir(100);
 176   5                      MotorR_setting_auto_dir(100);
 177   5                  }
C51 COMPILER V9.54   DEJA_VU                                                               11/25/2018 07:37:20 PAGE 4   

 178   4                  break;
 179   4              }
 180   3              case 30:            //0001 1110
 181   3              {
 182   4                  // 如果是半速
 183   4                  if (half_speed_flag)
 184   4                  {
 185   5                      MotorL_setting_auto_dir(100/2);
 186   5                      MotorR_setting_auto_dir(50/2);
 187   5                  }
 188   4                  else
 189   4                  {
 190   5                      MotorL_setting_auto_dir(100);
 191   5                      MotorR_setting_auto_dir(50);
 192   5                  }
 193   4                  break;
 194   4              }
 195   3              case 120:         //0111 1000
 196   3              {
 197   4                  // 如果是半速
 198   4                  if (half_speed_flag)
 199   4                  {
 200   5                      MotorL_setting_auto_dir(50/2);
 201   5                      MotorR_setting_auto_dir(100/2);
 202   5                  }
 203   4                  else
 204   4                  {
 205   5                      MotorL_setting_auto_dir(50);
 206   5                      MotorR_setting_auto_dir(100);
 207   5                  }
 208   4              }
 209   3      
 210   3              //3灯情况 
 211   3              case 28:                  //0001 1100
 212   3              {
 213   4                  // 如果是半速
 214   4                  if (half_speed_flag)
 215   4                  {
 216   5                      MotorL_setting_auto_dir(100 / 2);
 217   5                      MotorR_setting_auto_dir(80 / 2);
 218   5                  }
 219   4                  else
 220   4                  {
 221   5                      MotorL_setting_auto_dir(100);
 222   5                      MotorR_setting_auto_dir(80);
 223   5                  }
 224   4                  break;
 225   4              }
 226   3              case 56:                //0011 1000
 227   3              {
 228   4                  // 如果是半速
 229   4                  if (half_speed_flag)
 230   4                  {
 231   5                      MotorL_setting_auto_dir(80 / 2);
 232   5                      MotorR_setting_auto_dir(100 / 2);
 233   5                  }
 234   4                  else
 235   4                  {
 236   5                      MotorL_setting_auto_dir(80);
 237   5                      MotorR_setting_auto_dir(100);
 238   5                  }
 239   4                  break;
C51 COMPILER V9.54   DEJA_VU                                                               11/25/2018 07:37:20 PAGE 5   

 240   4              }
 241   3              case 14:              //0000 1110
 242   3              {
 243   4                  // 如果是半速
 244   4                  if (half_speed_flag)
 245   4                  {
 246   5                      MotorL_setting_auto_dir(100/2);
 247   5                      MotorR_setting_auto_dir(40/2);
 248   5                  }
 249   4                  else
 250   4                  {
 251   5                      MotorL_setting_auto_dir(100);
 252   5                      MotorR_setting_auto_dir(40);
 253   5                  }
 254   4                  break;
 255   4              }
 256   3              case 112:             //0111 0000
 257   3              {
 258   4                  // 如果是半速
 259   4                  if (half_speed_flag)
 260   4                  {
 261   5                      MotorL_setting_auto_dir(40/2);
 262   5                      MotorR_setting_auto_dir(100/2);
 263   5                  }
 264   4                  else
 265   4                  {
 266   5                      MotorL_setting_auto_dir(40);
 267   5                      MotorR_setting_auto_dir(100);
 268   5                  }
 269   4                  break;
 270   4              }
 271   3      
 272   3              //2灯情况
 273   3              case 18:                //0001 1000
 274   3              {
 275   4                  // 如果是半速
 276   4                  if (half_speed_flag)
 277   4                  {
 278   5                      MotorL_setting_auto_dir(100/2);
 279   5                      MotorR_setting_auto_dir(100/2);
 280   5                  }
 281   4                  else
 282   4                  {
 283   5                      MotorL_setting_auto_dir(100);
 284   5                      MotorR_setting_auto_dir(100);
 285   5                  }
 286   4                  break;
 287   4              }
 288   3              case 24:                             //0000 1100
 289   3              {
 290   4                  // 如果是半速
 291   4                  if (half_speed_flag)
 292   4                  {
 293   5                      MotorL_setting_auto_dir(100/2);
 294   5                      MotorR_setting_auto_dir(60/2);
 295   5                  }
 296   4                  else
 297   4                  {
 298   5                      MotorL_setting_auto_dir(100);
 299   5                      MotorR_setting_auto_dir(60);
 300   5                  }
 301   4                  break;
C51 COMPILER V9.54   DEJA_VU                                                               11/25/2018 07:37:20 PAGE 6   

 302   4              }
 303   3              case 48:                //0011 0000
 304   3              {
 305   4                  // 如果是半速
 306   4                  if (half_speed_flag)
 307   4                  {
 308   5                      MotorL_setting_auto_dir(60/2);
 309   5                      MotorR_setting_auto_dir(100/2);
 310   5                  }
 311   4                  else
 312   4                  {
 313   5                      MotorL_setting_auto_dir(60);
 314   5                      MotorR_setting_auto_dir(100);
 315   5                  }
 316   4                  break;
 317   4              }
 318   3              //1灯情况    
 319   3              case 8:                   //0000 1000
 320   3              {
 321   4                  // 如果是半速
 322   4                  if (half_speed_flag)
 323   4                  {
 324   5                      MotorL_setting_auto_dir(100/2);
 325   5                      MotorR_setting_auto_dir(80/2);
 326   5                  }
 327   4                  else
 328   4                  {
 329   5                      MotorL_setting_auto_dir(100);
 330   5                      MotorR_setting_auto_dir(80);
 331   5                  }
 332   4                  break;
 333   4              }
 334   3              case 10:                    //0001 0000
 335   3              {
 336   4                  // 如果是半速
 337   4                  if (half_speed_flag)
 338   4                  {
 339   5                      MotorL_setting_auto_dir(80/2);
 340   5                      MotorR_setting_auto_dir(100/2);
 341   5                  }
 342   4                  else
 343   4                  {
 344   5                      MotorL_setting_auto_dir(80);
 345   5                      MotorR_setting_auto_dir(100);
 346   5                  }
 347   4                  break;
 348   4              }
 349   3      
 350   3              case 4:                   //0000 0100
 351   3              {
 352   4                  // 如果是半速
 353   4                  if (half_speed_flag)
 354   4                  {
 355   5                      MotorL_setting_auto_dir(100/2);
 356   5                      MotorR_setting_auto_dir(60/2);
 357   5                  }
 358   4                  else
 359   4                  {
 360   5                      MotorL_setting_auto_dir(100);
 361   5                      MotorR_setting_auto_dir(60);
 362   5                  }   
 363   4                  break;
C51 COMPILER V9.54   DEJA_VU                                                               11/25/2018 07:37:20 PAGE 7   

 364   4              }
 365   3              case 32:                      //0010 0000
 366   3              {
 367   4                  // 如果是半速
 368   4                  if (half_speed_flag)
 369   4                  {
 370   5                      MotorL_setting_auto_dir(60/2);
 371   5                      MotorR_setting_auto_dir(100/2);
 372   5                  }
 373   4                  else
 374   4                  {
 375   5                      MotorL_setting_auto_dir(60);
 376   5                      MotorR_setting_auto_dir(100);
 377   5                  }
 378   4                  break;
 379   4              }
 380   3              //右转向
 381   3      
 382   3              case 240:               //1111 0000
 383   3              {
 384   4                  // 如果是半速
 385   4                  if (half_speed_flag)
 386   4                  {
 387   5                      MotorL_setting_auto_dir(-50/2);
 388   5                      MotorR_setting_auto_dir(100/2);
 389   5                  }
 390   4                  else
 391   4                  {
 392   5                      MotorL_setting_auto_dir(-50);
 393   5                      MotorR_setting_auto_dir(100);
 394   5                  }
 395   4                  break;
 396   4              }
 397   3      
 398   3              case 224:               //1110 0000
 399   3              {
 400   4                  // 如果是半速
 401   4                  if (half_speed_flag)
 402   4                  {
 403   5                      MotorL_setting_auto_dir(-75 / 2);
 404   5                      MotorR_setting_auto_dir(100 / 2);
 405   5                  }
 406   4                  else
 407   4                  {
 408   5                      MotorL_setting_auto_dir(-75);
 409   5                      MotorR_setting_auto_dir(100);
 410   5                  }
 411   4                  break;
 412   4              }
 413   3      
 414   3              case 192:               //1100 0000
 415   3              {
 416   4                  // 如果是半速
 417   4                  if (half_speed_flag)
 418   4                  {
 419   5                      MotorL_setting_auto_dir(-100/2);
 420   5                      MotorR_setting_auto_dir(100/2);
 421   5                  }
 422   4                  else
 423   4                  {
 424   5                      MotorL_setting_auto_dir(-100);
 425   5                      MotorR_setting_auto_dir(100);
C51 COMPILER V9.54   DEJA_VU                                                               11/25/2018 07:37:20 PAGE 8   

 426   5                  }
 427   4                  break;
 428   4              }
 429   3       
 430   3      
 431   3              case 15:                //0000 1111
 432   3              {
 433   4                  // 如果是半速
 434   4                  if (half_speed_flag)
 435   4                  {
 436   5                      MotorL_setting_auto_dir(100 / 2);
 437   5                      MotorR_setting_auto_dir(-50 / 2);
 438   5                  }
 439   4                  else
 440   4                  {
 441   5                      MotorL_setting_auto_dir(100);
 442   5                      MotorR_setting_auto_dir(-50);
 443   5                  }
 444   4                  break;
 445   4              }
 446   3      
 447   3              case 7:               //0000 0111
 448   3              {
 449   4                  // 如果是半速
 450   4                  if (half_speed_flag)
 451   4                  {
 452   5                      MotorL_setting_auto_dir(100 / 2);
 453   5                      MotorR_setting_auto_dir(-75 / 2);
 454   5                  }
 455   4                  else
 456   4                  {
 457   5                      MotorL_setting_auto_dir(100);
 458   5                      MotorR_setting_auto_dir(-75);
 459   5                  }
 460   4                  break;
 461   4              }
 462   3      
 463   3              case 195:               //0000 0011
 464   3              {
 465   4                  // 如果是半速
 466   4                  if (half_speed_flag)
 467   4                  {
 468   5                      MotorL_setting_auto_dir(100/2);
 469   5                      MotorR_setting_auto_dir(-100/2);
 470   5                  }
 471   4                  else
 472   4                  {
 473   5                      MotorL_setting_auto_dir(100);
 474   5                      MotorR_setting_auto_dir(-100);
 475   5                  }
 476   4                  break;
 477   4              }
 478   3      
 479   3              }
 480   2              pwms_enable();         //PWM设定生效
 481   2          }
 482   1          else
 483   1          {
 484   2              G_LED_OFF();
 485   2          }
 486   1          
 487   1      }// End of void Tracing_Timer_Handle(void)
C51 COMPILER V9.54   DEJA_VU                                                               11/25/2018 07:37:20 PAGE 9   

 488          
 489          #endif /* __DEJA_VU_C */
 490          
 491          


MODULE INFORMATION:   STATIC OVERLAYABLE
   CODE SIZE        =    783    ----
   CONSTANT SIZE    =   ----    ----
   XDATA SIZE       =   ----    ----
   PDATA SIZE       =   ----    ----
   DATA SIZE        =      2       2
   IDATA SIZE       =   ----    ----
   BIT SIZE         =   ----    ----
END OF MODULE INFORMATION.


C51 COMPILATION COMPLETE.  0 WARNING(S),  0 ERROR(S)
