C51 COMPILER V9.54   LED                                                                   11/25/2018 17:51:09 PAGE 1   


C51 COMPILER V9.54, COMPILATION OF MODULE LED
OBJECT MODULE PLACED IN LED.obj
COMPILER INVOKED BY: C:\Keil_v4\C51\BIN\C51.EXE LED\LED.c OPTIMIZE(0,SPEED) BROWSE INCDIR(.\ADC;.\Deja_vu;.\Global;.\int
                    -errupt;.\Main;.\Motor;.\PWM;.\Timer;.\USART;..\DC_motors;.\Task;.\Buzzer;.\LED) DEFINE(DEBUG) DEBUG OBJECTEXTEND PRINT(.
                    -\LED.lst) TABS(2) OBJECT(LED.obj)

line level    source

   1          /******************** (C) COPYRIGHT 2018 ³ÂËÕÑô **********************************
   2          * File Name          :  LED.c
   3          * Author             :  ³ÂËÕÑô
   4          * CPU Type           :  STC15
   5          * IDE                :  IAR 8.22.1
   6          * Version            :  V1.0
   7          * Date               :  25/11/2018
   8          * Description        :  LED
   9          *******************************************************************************/
  10          
  11          
  12          
  13          
  14          /* Includes ------------------------------------------------------------------*/
  15          #include "Global.h"
  16          #include "LED.h"
  17          
  18          /* Private variables ---------------------------------------------------------*/
  19          
  20          
  21          /* Private function prototypes -----------------------------------------------*/
  22          
  23          
  24          /* Private functions ---------------------------------------------------------*/
  25          
  26          
  27          /*******************************************************************************
  28          *                           ³ÂËÕÑô@2018-11-25
  29          * Function Name  :  LED_Init
  30          * Description    :  LED³õÊ¼»¯
  31          * Input          :  None
  32          * Output         :  None
  33          * Return         :  None
  34          *******************************************************************************/
  35          void LED_Init(void)
  36          {
  37   1          W_LED_PIN = 0;
  38   1          G_LED_PIN = 0;
  39   1          R_LED_PIN = 0;
  40   1          B_LED_PIN = 0;
  41   1          Y_LED_PIN = 0;
  42   1      }// End of void LED_Init(void)
  43          
  44          /*******************************************************************************
  45          *                           ³ÂËÕÑô@2018-11-25
  46          * Function Name  :  W_LED_ON
  47          * Description    :  µãÁÁ°×µÆ
  48          * Input          :  None
  49          * Output         :  None
  50          * Return         :  None
  51          *******************************************************************************/
  52          void W_LED_ON(void)
  53          {
C51 COMPILER V9.54   LED                                                                   11/25/2018 17:51:09 PAGE 2   

  54   1          W_LED_PIN = 1;
  55   1      }// End of void W_LED_ON(void)
  56          
  57          
  58           /*******************************************************************************
  59           *                           ³ÂËÕÑô@2018-11-25
  60           * Function Name  :  W_LED_OFF
  61           * Description    :  Ï¨Ãð°×µÆ
  62           * Input          :  None
  63           * Output         :  None
  64           * Return         :  None
  65           *******************************************************************************/
  66          void W_LED_OFF(void)
  67          {
  68   1          W_LED_PIN = 0;
  69   1      }// End of void W_LED_OFF(void)
  70          
  71          
  72          
  73           /*******************************************************************************
  74           *                           ³ÂËÕÑô@2018-11-25
  75           * Function Name  :  G_LED_ON
  76           * Description    :  µãÁÁÂÌµÆ
  77           * Input          :  None
  78           * Output         :  None
  79           * Return         :  None
  80           *******************************************************************************/
  81          void G_LED_ON(void)
  82          {
  83   1          G_LED_PIN = 1;
  84   1      }// End of void G_LED_ON(void)
  85          
  86          
  87           /*******************************************************************************
  88           *                           ³ÂËÕÑô@2018-11-25
  89           * Function Name  :  G_LED_OFF
  90           * Description    :  Ï¨ÃðÂÌµÆ
  91           * Input          :  None
  92           * Output         :  None
  93           * Return         :  None
  94           *******************************************************************************/
  95          void G_LED_OFF(void)
  96          {
  97   1          G_LED_PIN = 0;
  98   1      }// End of void G_LED_OFF(void)
  99          
 100          
 101          /*******************************************************************************
 102          *                           ³ÂËÕÑô@2018-11-25
 103          * Function Name  :  LED_Line_Show
 104          * Description    :  ÏÔÊ¾LEDµÆÌõ
 105          * Input          :  unsigned char led_data
 106          * Output         :  None
 107          * Return         :  None
 108          *******************************************************************************/
 109          void LED_Line_Show(unsigned char led_data)
 110          {
 111   1          if (led_data&(0x01 << 0))
 112   1          {
 113   2              LED_LINE_0 = 1;
 114   2          }
 115   1          else
C51 COMPILER V9.54   LED                                                                   11/25/2018 17:51:09 PAGE 3   

 116   1          {
 117   2              LED_LINE_0 = 0;
 118   2          }
 119   1      
 120   1          if (led_data&(0x01 << 1))
 121   1          {
 122   2              LED_LINE_1 = 1;
 123   2          }
 124   1          else
 125   1          {
 126   2              LED_LINE_1 = 0;
 127   2          }
 128   1      
 129   1          if (led_data&(0x01 << 2))
 130   1          {
 131   2              LED_LINE_2 = 1;
 132   2          }
 133   1          else
 134   1          {
 135   2              LED_LINE_2 = 0;
 136   2          }
 137   1      
 138   1          if (led_data&(0x01 << 3))
 139   1          {
 140   2              LED_LINE_3 = 1;
 141   2          }
 142   1          else
 143   1          {
 144   2              LED_LINE_3 = 0;
 145   2          }
 146   1      
 147   1          if (led_data&(0x01 << 4))
 148   1          {
 149   2              LED_LINE_4 = 1;
 150   2          }
 151   1          else
 152   1          {
 153   2              LED_LINE_4 = 0;
 154   2          }
 155   1      
 156   1          if (led_data&(0x01 << 5))
 157   1          {
 158   2              LED_LINE_5 = 1;
 159   2          }
 160   1          else
 161   1          {
 162   2              LED_LINE_5 = 0;
 163   2          }
 164   1      
 165   1          if (led_data&(0x01 << 6))
 166   1          {
 167   2              LED_LINE_6 = 1;
 168   2          }
 169   1          else
 170   1          {
 171   2              LED_LINE_6 = 0;
 172   2          }
 173   1      
 174   1          if (led_data&(0x01 << 7))
 175   1          {
 176   2              LED_LINE_7 = 1;
 177   2          }
C51 COMPILER V9.54   LED                                                                   11/25/2018 17:51:09 PAGE 4   

 178   1          else
 179   1          {
 180   2              LED_LINE_7 = 0;
 181   2          }
 182   1      
 183   1      }// End of void LED_Line_Show(unsigned char led_data)
 184          
 185          
 186          
 187          /******************* (C) COPYRIGHT 2018 ³ÂËÕÑô *****END OF FILE******************/


MODULE INFORMATION:   STATIC OVERLAYABLE
   CODE SIZE        =    113    ----
   CONSTANT SIZE    =   ----    ----
   XDATA SIZE       =   ----    ----
   PDATA SIZE       =   ----    ----
   DATA SIZE        =      1    ----
   IDATA SIZE       =   ----    ----
   BIT SIZE         =   ----    ----
END OF MODULE INFORMATION.


C51 COMPILATION COMPLETE.  0 WARNING(S),  0 ERROR(S)
