C51 COMPILER V9.59.0.0   PWM                                                               11/23/2018 19:11:30 PAGE 1   


C51 COMPILER V9.59.0.0, COMPILATION OF MODULE PWM
OBJECT MODULE PLACED IN PWM.obj
COMPILER INVOKED BY: C:\Keil_v5\C51\BIN\C51.EXE PWM\PWM.c OPTIMIZE(8,SPEED) INCDIR(.\ADC;.\Deja_vu;.\Global;.\interrupt;
                    -.\Main;.\Motor;.\PWM;.\Timer;.\USART;..\DC_motors) DEBUG OBJECTEXTEND PRINT(.\PWM.lst) TABS(2) OBJECT(PWM.obj)

line level    source

   1          #include"Global.h"
   2          #include<PWM.h>
   3          
   4          /***** 函数 *****/
   5          void pwmL_setting(uchar duty)     
   6          {
   7   1          P_SW2 |= 0x80;                //使能访问XSFR
   8   1          PWM6T1 = 0x0000;                //设置PWM6第1次反转的PWM计数
   9   1          PWM6T2 = CYCLE * duty / 100;    //设置PWM6第2次反转的PWM计数
  10   1                                          //占空比为(PWM6T2-PWM6T1)/PWMC
  11   1          PWM6CR = 0x08;                  //选择PWM6输出到P0.7,不使能PWM2中断
  12   1          P_SW2 &= ~0x80;
  13   1      }
  14          
  15          void pwmR_setting(uchar duty)
  16          {
  17   1          P_SW2 |= 0x80;                //使能访问XSFR
  18   1          PWM7T1 = 0x0000;                //设置PWM7第1次反转的PWM计数
  19   1          PWM7T2 = CYCLE * duty / 100;    //设置PWM7第2次反转的PWM计数
  20   1                                          //占空比为(PWM7T2-PWM7T1)/PWMC
  21   1          PWM7CR = 0x08;                  //选择PWM7输出到P0.6,不使能PWM3中断
  22   1          P_SW2 &= ~0x80;
  23   1      }
  24          
  25          void pwms_enable(void)          //每处pwm设定均需调用该函数，且须置于所有pwmn_setting之后
  26          {
  27   1          P_SW2 |= 0x80; 
  28   1        PWMCFG = 0x00;                  //配置PWM的输出初始电平为低电平
  29   1          PWMCKS = 0x0c;                  //选择PWM的时钟为Fosc/(0+12)
  30   1        PWMC = CYCLE;                   //设置PWM周期
  31   1          PWMCR = 0xB0;                   //使能PWM模块  
  32   1        P_SW2 &= ~0x80;   
  33   1      }
  34          
  35          
  36          


MODULE INFORMATION:   STATIC OVERLAYABLE
   CODE SIZE        =    123    ----
   CONSTANT SIZE    =   ----    ----
   XDATA SIZE       =   ----    ----
   PDATA SIZE       =   ----    ----
   DATA SIZE        =   ----    ----
   IDATA SIZE       =   ----    ----
   BIT SIZE         =   ----    ----
END OF MODULE INFORMATION.


C51 COMPILATION COMPLETE.  0 WARNING(S),  0 ERROR(S)
